Requirement already satisfied: aiohappyeyeballs==2.7.1 in c:\users\abdel\onedrive\desktop\urdf2dt\outputs\tmp\stage21-venv\lib\site-packages (from -r outputs/tmp/stage21-checkout/requirements/windows-py312-full.lock (line 2)) (2.7.1)
Requirement already satisfied: aiohttp==3.14.3 in c:\users\abdel\onedrive\desktop\urdf2dt\outputs\tmp\stage21-venv\lib\site-packages (from -r outputs/tmp/stage21-checkout/requirements/windows-py312-full.lock (line 3)) (3.14.3)
Requirement already satisfied: aiosignal==1.4.0 in c:\users\abdel\onedrive\desktop\urdf2dt\outputs\tmp\stage21-venv\lib\site-packages (from -r outputs/tmp/stage21-checkout/requirements/windows-py312-full.lock (line 4)) (1.4.0)
Requirement already satisfied: anyio==4.15.1 in c:\users\abdel\onedrive\desktop\urdf2dt\outputs\tmp\stage21-venv\lib\site-packages (from -r outputs/tmp/stage21-checkout/requirements/windows-py312-full.lock (line 5)) (4.15.1)
Requirement already satisfied: argon2-cffi==25.1.0 in c:\users\abdel\onedrive\desktop\urdf2dt\outputs\tmp\stage21-venv\lib\site-packages (from -r outputs/tmp/stage21-checkout/requirements/windows-py312-full.lock (line 6)) (25.1.0)
Requirement already satisfied: argon2-cffi-bindings==26.1.0 in c:\users\abdel\onedrive\desktop\urdf2dt\outputs\tmp\stage21-venv\lib\site-packages (from -r outputs/tmp/stage21-checkout/requirements/windows-py312-full.lock (line 7)) (26.1.0)
Requirement already satisfied: arrow==1.4.0 in c:\users\abdel\onedrive\desktop\urdf2dt\outputs\tmp\stage21-venv\lib\site-packages (from -r outputs/tmp/stage21-checkout/requirements/windows-py312-full.lock (line 8)) (1.4.0)
Requirement already satisfied: ast-serialize==0.11.2 in c:\users\abdel\onedrive\desktop\urdf2dt\outputs\tmp\stage21-venv\lib\site-packages (from -r outputs/tmp/stage21-checkout/requirements/windows-py312-full.lock (line 9)) (0.11.2)
Requirement already satisfied: asttokens==3.0.2 in c:\users\abdel\onedrive\desktop\urdf2dt\outputs\tmp\stage21-venv\lib\site-packages (from -r outputs/tmp/stage21-checkout/requirements/windows-py312-full.lock (line 10)) (3.0.2)
Requirement already satisfied: async-lru==2.3.0 in c:\users\abdel\onedrive\desktop\urdf2dt\outputs\tmp\stage21-venv\lib\site-packages (from -r outputs/tmp/stage21-checkout/requirements/windows-py312-full.lock (line 11)) (2.3.0)
Requirement already satisfied: attrs==26.1.0 in c:\users\abdel\onedrive\desktop\urdf2dt\outputs\tmp\stage21-venv\lib\site-packages (from -r outputs/tmp/stage21-checkout/requirements/windows-py312-full.lock (line 12)) (26.1.0)
Requirement already satisfied: babel==2.18.0 in c:\users\abdel\onedrive\desktop\urdf2dt\outputs\tmp\stage21-venv\lib\site-packages (from -r outputs/tmp/stage21-checkout/requirements/windows-py312-full.lock (line 13)) (2.18.0)
Requirement already satisfied: beautifulsoup4==4.15.0 in c:\users\abdel\onedrive\desktop\urdf2dt\outputs\tmp\stage21-venv\lib\site-packages (from -r outputs/tmp/stage21-checkout/requirements/windows-py312-full.lock (line 14)) (4.15.0)
Requirement already satisfied: bleach==6.4.0 in c:\users\abdel\onedrive\desktop\urdf2dt\outputs\tmp\stage21-venv\lib\site-packages (from -r outputs/tmp/stage21-checkout/requirements/windows-py312-full.lock (line 15)) (6.4.0)
Requirement already satisfied: casadi==3.8.1 in c:\users\abdel\onedrive\desktop\urdf2dt\outputs\tmp\stage21-venv\lib\site-packages (from -r outputs/tmp/stage21-checkout/requirements/windows-py312-full.lock (line 16)) (3.8.1)
Requirement already satisfied: certifi==2026.7.22 in c:\users\abdel\onedrive\desktop\urdf2dt\outputs\tmp\stage21-venv\lib\site-packages (from -r outputs/tmp/stage21-checkout/requirements/windows-py312-full.lock (line 17)) (2026.7.22)
Requirement already satisfied: cffi==2.1.1 in c:\users\abdel\onedrive\desktop\urdf2dt\outputs\tmp\stage21-venv\lib\site-packages (from -r outputs/tmp/stage21-checkout/requirements/windows-py312-full.lock (line 18)) (2.1.1)
Requirement already satisfied: charset-normalizer==3.5.1 in c:\users\abdel\onedrive\desktop\urdf2dt\outputs\tmp\stage21-venv\lib\site-packages (from -r outputs/tmp/stage21-checkout/requirements/windows-py312-full.lock (line 19)) (3.5.1)
Requirement already satisfied: colorama==0.4.6 in c:\users\abdel\onedrive\desktop\urdf2dt\outputs\tmp\stage21-venv\lib\site-packages (from -r outputs/tmp/stage21-checkout/requirements/windows-py312-full.lock (line 20)) (0.4.6)
Requirement already satisfied: comm==0.2.3 in c:\users\abdel\onedrive\desktop\urdf2dt\outputs\tmp\stage21-venv\lib\site-packages (from -r outputs/tmp/stage21-checkout/requirements/windows-py312-full.lock (line 21)) (0.2.3)
Requirement already satisfied: contourpy==1.4.0 in c:\users\abdel\onedrive\desktop\urdf2dt\outputs\tmp\stage21-venv\lib\site-packages (from -r outputs/tmp/stage21-checkout/requirements/windows-py312-full.lock (line 22)) (1.4.0)
Requirement already satisfied: cycler==0.12.1 in c:\users\abdel\onedrive\desktop\urdf2dt\outputs\tmp\stage21-venv\lib\site-packages (from -r outputs/tmp/stage21-checkout/requirements/windows-py312-full.lock (line 23)) (0.12.1)
Requirement already satisfied: cyclopts==4.25.2 in c:\users\abdel\onedrive\desktop\urdf2dt\outputs\tmp\stage21-venv\lib\site-packages (from -r outputs/tmp/stage21-checkout/requirements/windows-py312-full.lock (line 24)) (4.25.2)
Requirement already satisfied: debugpy==1.8.22 in c:\users\abdel\onedrive\desktop\urdf2dt\outputs\tmp\stage21-venv\lib\site-packages (from -r outputs/tmp/stage21-checkout/requirements/windows-py312-full.lock (line 25)) (1.8.22)
Requirement already satisfied: defusedxml==0.7.1 in c:\users\abdel\onedrive\desktop\urdf2dt\outputs\tmp\stage21-venv\lib\site-packages (from -r outputs/tmp/stage21-checkout/requirements/windows-py312-full.lock (line 26)) (0.7.1)
Requirement already satisfied: docstring-parser==0.18.0 in c:\users\abdel\onedrive\desktop\urdf2dt\outputs\tmp\stage21-venv\lib\site-packages (from -r outputs/tmp/stage21-checkout/requirements/windows-py312-full.lock (line 27)) (0.18.0)
Requirement already satisfied: executing==2.2.1 in c:\users\abdel\onedrive\desktop\urdf2dt\outputs\tmp\stage21-venv\lib\site-packages (from -r outputs/tmp/stage21-checkout/requirements/windows-py312-full.lock (line 28)) (2.2.1)
Requirement already satisfied: fastjsonschema==2.22.2 in c:\users\abdel\onedrive\desktop\urdf2dt\outputs\tmp\stage21-venv\lib\site-packages (from -r outputs/tmp/stage21-checkout/requirements/windows-py312-full.lock (line 29)) (2.22.2)
Requirement already satisfied: fonttools==4.65.0 in c:\users\abdel\onedrive\desktop\urdf2dt\outputs\tmp\stage21-venv\lib\site-packages (from -r outputs/tmp/stage21-checkout/requirements/windows-py312-full.lock (line 30)) (4.65.0)
Requirement already satisfied: fqdn==1.5.1 in c:\users\abdel\onedrive\desktop\urdf2dt\outputs\tmp\stage21-venv\lib\site-packages (from -r outputs/tmp/stage21-checkout/requirements/windows-py312-full.lock (line 31)) (1.5.1)
Requirement already satisfied: frozenlist==1.8.0 in c:\users\abdel\onedrive\desktop\urdf2dt\outputs\tmp\stage21-venv\lib\site-packages (from -r outputs/tmp/stage21-checkout/requirements/windows-py312-full.lock (line 32)) (1.8.0)
Requirement already satisfied: h11==0.16.0 in c:\users\abdel\onedrive\desktop\urdf2dt\outputs\tmp\stage21-venv\lib\site-packages (from -r outputs/tmp/stage21-checkout/requirements/windows-py312-full.lock (line 33)) (0.16.0)
Requirement already satisfied: httpcore==1.0.9 in c:\users\abdel\onedrive\desktop\urdf2dt\outputs\tmp\stage21-venv\lib\site-packages (from -r outputs/tmp/stage21-checkout/requirements/windows-py312-full.lock (line 34)) (1.0.9)
Requirement already satisfied: httpx==0.28.1 in c:\users\abdel\onedrive\desktop\urdf2dt\outputs\tmp\stage21-venv\lib\site-packages (from -r outputs/tmp/stage21-checkout/requirements/windows-py312-full.lock (line 35)) (0.28.1)
Requirement already satisfied: idna==3.19 in c:\users\abdel\onedrive\desktop\urdf2dt\outputs\tmp\stage21-venv\lib\site-packages (from -r outputs/tmp/stage21-checkout/requirements/windows-py312-full.lock (line 36)) (3.19)
Requirement already satisfied: iniconfig==2.3.0 in c:\users\abdel\onedrive\desktop\urdf2dt\outputs\tmp\stage21-venv\lib\site-packages (from -r outputs/tmp/stage21-checkout/requirements/windows-py312-full.lock (line 37)) (2.3.0)
Requirement already satisfied: ipydatawidgets==4.3.5 in c:\users\abdel\onedrive\desktop\urdf2dt\outputs\tmp\stage21-venv\lib\site-packages (from -r outputs/tmp/stage21-checkout/requirements/windows-py312-full.lock (line 38)) (4.3.5)
Requirement already satisfied: ipykernel==7.3.0 in c:\users\abdel\onedrive\desktop\urdf2dt\outputs\tmp\stage21-venv\lib\site-packages (from -r outputs/tmp/stage21-checkout/requirements/windows-py312-full.lock (line 39)) (7.3.0)
Requirement already satisfied: ipython==9.17.1 in c:\users\abdel\onedrive\desktop\urdf2dt\outputs\tmp\stage21-venv\lib\site-packages (from -r outputs/tmp/stage21-checkout/requirements/windows-py312-full.lock (line 40)) (9.17.1)
Requirement already satisfied: ipython-pygments-lexers==1.1.1 in c:\users\abdel\onedrive\desktop\urdf2dt\outputs\tmp\stage21-venv\lib\site-packages (from -r outputs/tmp/stage21-checkout/requirements/windows-py312-full.lock (line 41)) (1.1.1)
Requirement already satisfied: ipywidgets==8.1.9 in c:\users\abdel\onedrive\desktop\urdf2dt\outputs\tmp\stage21-venv\lib\site-packages (from -r outputs/tmp/stage21-checkout/requirements/windows-py312-full.lock (line 42)) (8.1.9)
Requirement already satisfied: isoduration==20.11.0 in c:\users\abdel\onedrive\desktop\urdf2dt\outputs\tmp\stage21-venv\lib\site-packages (from -r outputs/tmp/stage21-checkout/requirements/windows-py312-full.lock (line 43)) (20.11.0)
Requirement already satisfied: jedi==0.20.0 in c:\users\abdel\onedrive\desktop\urdf2dt\outputs\tmp\stage21-venv\lib\site-packages (from -r outputs/tmp/stage21-checkout/requirements/windows-py312-full.lock (line 44)) (0.20.0)
Requirement already satisfied: jinja2==3.1.6 in c:\users\abdel\onedrive\desktop\urdf2dt\outputs\tmp\stage21-venv\lib\site-packages (from -r outputs/tmp/stage21-checkout/requirements/windows-py312-full.lock (line 45)) (3.1.6)
Requirement already satisfied: json5==0.15.0 in c:\users\abdel\onedrive\desktop\urdf2dt\outputs\tmp\stage21-venv\lib\site-packages (from -r outputs/tmp/stage21-checkout/requirements/windows-py312-full.lock (line 46)) (0.15.0)
Requirement already satisfied: jsonpointer==3.1.1 in c:\users\abdel\onedrive\desktop\urdf2dt\outputs\tmp\stage21-venv\lib\site-packages (from -r outputs/tmp/stage21-checkout/requirements/windows-py312-full.lock (line 47)) (3.1.1)
Requirement already satisfied: jsonschema==4.26.0 in c:\users\abdel\onedrive\desktop\urdf2dt\outputs\tmp\stage21-venv\lib\site-packages (from -r outputs/tmp/stage21-checkout/requirements/windows-py312-full.lock (line 48)) (4.26.0)
Requirement already satisfied: jsonschema-specifications==2025.9.1 in c:\users\abdel\onedrive\desktop\urdf2dt\outputs\tmp\stage21-venv\lib\site-packages (from -r outputs/tmp/stage21-checkout/requirements/windows-py312-full.lock (line 49)) (2025.9.1)
Requirement already satisfied: jupyter-builder==1.2.3 in c:\users\abdel\onedrive\desktop\urdf2dt\outputs\tmp\stage21-venv\lib\site-packages (from -r outputs/tmp/stage21-checkout/requirements/windows-py312-full.lock (line 50)) (1.2.3)
Requirement already satisfied: jupyter-client==8.10.0 in c:\users\abdel\onedrive\desktop\urdf2dt\outputs\tmp\stage21-venv\lib\site-packages (from -r outputs/tmp/stage21-checkout/requirements/windows-py312-full.lock (line 51)) (8.10.0)
Requirement already satisfied: jupyter-core==5.9.1 in c:\users\abdel\onedrive\desktop\urdf2dt\outputs\tmp\stage21-venv\lib\site-packages (from -r outputs/tmp/stage21-checkout/requirements/windows-py312-full.lock (line 52)) (5.9.1)
Requirement already satisfied: jupyter-events==0.12.1 in c:\users\abdel\onedrive\desktop\urdf2dt\outputs\tmp\stage21-venv\lib\site-packages (from -r outputs/tmp/stage21-checkout/requirements/windows-py312-full.lock (line 53)) (0.12.1)
Requirement already satisfied: jupyter-lsp==2.3.1 in c:\users\abdel\onedrive\desktop\urdf2dt\outputs\tmp\stage21-venv\lib\site-packages (from -r outputs/tmp/stage21-checkout/requirements/windows-py312-full.lock (line 54)) (2.3.1)
Requirement already satisfied: jupyter-server==2.21.1 in c:\users\abdel\onedrive\desktop\urdf2dt\outputs\tmp\stage21-venv\lib\site-packages (from -r outputs/tmp/stage21-checkout/requirements/windows-py312-full.lock (line 55)) (2.21.1)
Requirement already satisfied: jupyter-server-terminals==0.5.4 in c:\users\abdel\onedrive\desktop\urdf2dt\outputs\tmp\stage21-venv\lib\site-packages (from -r outputs/tmp/stage21-checkout/requirements/windows-py312-full.lock (line 56)) (0.5.4)
Requirement already satisfied: jupyterlab==4.6.3 in c:\users\abdel\onedrive\desktop\urdf2dt\outputs\tmp\stage21-venv\lib\site-packages (from -r outputs/tmp/stage21-checkout/requirements/windows-py312-full.lock (line 57)) (4.6.3)
Requirement already satisfied: jupyterlab-pygments==0.3.0 in c:\users\abdel\onedrive\desktop\urdf2dt\outputs\tmp\stage21-venv\lib\site-packages (from -r outputs/tmp/stage21-checkout/requirements/windows-py312-full.lock (line 58)) (0.3.0)
Requirement already satisfied: jupyterlab-server==2.28.1 in c:\users\abdel\onedrive\desktop\urdf2dt\outputs\tmp\stage21-venv\lib\site-packages (from -r outputs/tmp/stage21-checkout/requirements/windows-py312-full.lock (line 59)) (2.28.1)
Requirement already satisfied: jupyterlab-widgets==3.0.17 in c:\users\abdel\onedrive\desktop\urdf2dt\outputs\tmp\stage21-venv\lib\site-packages (from -r outputs/tmp/stage21-checkout/requirements/windows-py312-full.lock (line 60)) (3.0.17)
Requirement already satisfied: kiwisolver==1.5.1 in c:\users\abdel\onedrive\desktop\urdf2dt\outputs\tmp\stage21-venv\lib\site-packages (from -r outputs/tmp/stage21-checkout/requirements/windows-py312-full.lock (line 61)) (1.5.1)
Requirement already satisfied: lark==1.3.1 in c:\users\abdel\onedrive\desktop\urdf2dt\outputs\tmp\stage21-venv\lib\site-packages (from -r outputs/tmp/stage21-checkout/requirements/windows-py312-full.lock (line 62)) (1.3.1)
Requirement already satisfied: librt==0.15.0 in c:\users\abdel\onedrive\desktop\urdf2dt\outputs\tmp\stage21-venv\lib\site-packages (from -r outputs/tmp/stage21-checkout/requirements/windows-py312-full.lock (line 63)) (0.15.0)
Requirement already satisfied: markdown-it-py==4.2.0 in c:\users\abdel\onedrive\desktop\urdf2dt\outputs\tmp\stage21-venv\lib\site-packages (from -r outputs/tmp/stage21-checkout/requirements/windows-py312-full.lock (line 64)) (4.2.0)
Requirement already satisfied: markupsafe==3.0.3 in c:\users\abdel\onedrive\desktop\urdf2dt\outputs\tmp\stage21-venv\lib\site-packages (from -r outputs/tmp/stage21-checkout/requirements/windows-py312-full.lock (line 65)) (3.0.3)
Requirement already satisfied: matplotlib==3.11.2 in c:\users\abdel\onedrive\desktop\urdf2dt\outputs\tmp\stage21-venv\lib\site-packages (from -r outputs/tmp/stage21-checkout/requirements/windows-py312-full.lock (line 66)) (3.11.2)
Requirement already satisfied: matplotlib-inline==0.2.2 in c:\users\abdel\onedrive\desktop\urdf2dt\outputs\tmp\stage21-venv\lib\site-packages (from -r outputs/tmp/stage21-checkout/requirements/windows-py312-full.lock (line 67)) (0.2.2)
Requirement already satisfied: mdurl==0.1.2 in c:\users\abdel\onedrive\desktop\urdf2dt\outputs\tmp\stage21-venv\lib\site-packages (from -r outputs/tmp/stage21-checkout/requirements/windows-py312-full.lock (line 68)) (0.1.2)
Requirement already satisfied: mistune==3.3.4 in c:\users\abdel\onedrive\desktop\urdf2dt\outputs\tmp\stage21-venv\lib\site-packages (from -r outputs/tmp/stage21-checkout/requirements/windows-py312-full.lock (line 69)) (3.3.4)
Requirement already satisfied: more-itertools==11.1.0 in c:\users\abdel\onedrive\desktop\urdf2dt\outputs\tmp\stage21-venv\lib\site-packages (from -r outputs/tmp/stage21-checkout/requirements/windows-py312-full.lock (line 70)) (11.1.0)
Requirement already satisfied: msgpack==1.2.2 in c:\users\abdel\onedrive\desktop\urdf2dt\outputs\tmp\stage21-venv\lib\site-packages (from -r outputs/tmp/stage21-checkout/requirements/windows-py312-full.lock (line 71)) (1.2.2)
Requirement already satisfied: multidict==6.8.0 in c:\users\abdel\onedrive\desktop\urdf2dt\outputs\tmp\stage21-venv\lib\site-packages (from -r outputs/tmp/stage21-checkout/requirements/windows-py312-full.lock (line 72)) (6.8.0)
Requirement already satisfied: mypy==2.3.1 in c:\users\abdel\onedrive\desktop\urdf2dt\outputs\tmp\stage21-venv\lib\site-packages (from -r outputs/tmp/stage21-checkout/requirements/windows-py312-full.lock (line 73)) (2.3.1)
Requirement already satisfied: mypy-extensions==1.1.0 in c:\users\abdel\onedrive\desktop\urdf2dt\outputs\tmp\stage21-venv\lib\site-packages (from -r outputs/tmp/stage21-checkout/requirements/windows-py312-full.lock (line 74)) (1.1.0)
Requirement already satisfied: nbclient==0.11.0 in c:\users\abdel\onedrive\desktop\urdf2dt\outputs\tmp\stage21-venv\lib\site-packages (from -r outputs/tmp/stage21-checkout/requirements/windows-py312-full.lock (line 75)) (0.11.0)
Requirement already satisfied: nbconvert==7.17.1 in c:\users\abdel\onedrive\desktop\urdf2dt\outputs\tmp\stage21-venv\lib\site-packages (from -r outputs/tmp/stage21-checkout/requirements/windows-py312-full.lock (line 76)) (7.17.1)
Requirement already satisfied: nbformat==5.11.1 in c:\users\abdel\onedrive\desktop\urdf2dt\outputs\tmp\stage21-venv\lib\site-packages (from -r outputs/tmp/stage21-checkout/requirements/windows-py312-full.lock (line 77)) (5.11.1)
Requirement already satisfied: nest-asyncio2==1.7.2 in c:\users\abdel\onedrive\desktop\urdf2dt\outputs\tmp\stage21-venv\lib\site-packages (from -r outputs/tmp/stage21-checkout/requirements/windows-py312-full.lock (line 78)) (1.7.2)
Requirement already satisfied: notebook-shim==0.2.4 in c:\users\abdel\onedrive\desktop\urdf2dt\outputs\tmp\stage21-venv\lib\site-packages (from -r outputs/tmp/stage21-checkout/requirements/windows-py312-full.lock (line 79)) (0.2.4)
Requirement already satisfied: numpy==2.5.3 in c:\users\abdel\onedrive\desktop\urdf2dt\outputs\tmp\stage21-venv\lib\site-packages (from -r outputs/tmp/stage21-checkout/requirements/windows-py312-full.lock (line 80)) (2.5.3)
Requirement already satisfied: packaging==26.3 in c:\users\abdel\onedrive\desktop\urdf2dt\outputs\tmp\stage21-venv\lib\site-packages (from -r outputs/tmp/stage21-checkout/requirements/windows-py312-full.lock (line 81)) (26.3)
Requirement already satisfied: pandocfilters==1.5.1 in c:\users\abdel\onedrive\desktop\urdf2dt\outputs\tmp\stage21-venv\lib\site-packages (from -r outputs/tmp/stage21-checkout/requirements/windows-py312-full.lock (line 82)) (1.5.1)
Requirement already satisfied: parso==0.8.7 in c:\users\abdel\onedrive\desktop\urdf2dt\outputs\tmp\stage21-venv\lib\site-packages (from -r outputs/tmp/stage21-checkout/requirements/windows-py312-full.lock (line 83)) (0.8.7)
Requirement already satisfied: pathspec==1.1.1 in c:\users\abdel\onedrive\desktop\urdf2dt\outputs\tmp\stage21-venv\lib\site-packages (from -r outputs/tmp/stage21-checkout/requirements/windows-py312-full.lock (line 84)) (1.1.1)
Requirement already satisfied: pillow==12.3.0 in c:\users\abdel\onedrive\desktop\urdf2dt\outputs\tmp\stage21-venv\lib\site-packages (from -r outputs/tmp/stage21-checkout/requirements/windows-py312-full.lock (line 85)) (12.3.0)
Requirement already satisfied: pip==25.0.1 in c:\users\abdel\onedrive\desktop\urdf2dt\outputs\tmp\stage21-venv\lib\site-packages (from -r outputs/tmp/stage21-checkout/requirements/windows-py312-full.lock (line 86)) (25.0.1)
Requirement already satisfied: platformdirs==4.11.9 in c:\users\abdel\onedrive\desktop\urdf2dt\outputs\tmp\stage21-venv\lib\site-packages (from -r outputs/tmp/stage21-checkout/requirements/windows-py312-full.lock (line 87)) (4.11.9)
Requirement already satisfied: pluggy==1.6.0 in c:\users\abdel\onedrive\desktop\urdf2dt\outputs\tmp\stage21-venv\lib\site-packages (from -r outputs/tmp/stage21-checkout/requirements/windows-py312-full.lock (line 88)) (1.6.0)
Requirement already satisfied: pooch==1.9.0 in c:\users\abdel\onedrive\desktop\urdf2dt\outputs\tmp\stage21-venv\lib\site-packages (from -r outputs/tmp/stage21-checkout/requirements/windows-py312-full.lock (line 89)) (1.9.0)
Requirement already satisfied: prometheus-client==0.26.0 in c:\users\abdel\onedrive\desktop\urdf2dt\outputs\tmp\stage21-venv\lib\site-packages (from -r outputs/tmp/stage21-checkout/requirements/windows-py312-full.lock (line 90)) (0.26.0)
Requirement already satisfied: prompt-toolkit==3.0.53 in c:\users\abdel\onedrive\desktop\urdf2dt\outputs\tmp\stage21-venv\lib\site-packages (from -r outputs/tmp/stage21-checkout/requirements/windows-py312-full.lock (line 91)) (3.0.53)
Requirement already satisfied: propcache==0.5.4 in c:\users\abdel\onedrive\desktop\urdf2dt\outputs\tmp\stage21-venv\lib\site-packages (from -r outputs/tmp/stage21-checkout/requirements/windows-py312-full.lock (line 92)) (0.5.4)
Requirement already satisfied: psutil==7.2.2 in c:\users\abdel\onedrive\desktop\urdf2dt\outputs\tmp\stage21-venv\lib\site-packages (from -r outputs/tmp/stage21-checkout/requirements/windows-py312-full.lock (line 93)) (7.2.2)
Requirement already satisfied: pure-eval==0.2.4 in c:\users\abdel\onedrive\desktop\urdf2dt\outputs\tmp\stage21-venv\lib\site-packages (from -r outputs/tmp/stage21-checkout/requirements/windows-py312-full.lock (line 94)) (0.2.4)
Requirement already satisfied: pycollada==0.9.3 in c:\users\abdel\onedrive\desktop\urdf2dt\outputs\tmp\stage21-venv\lib\site-packages (from -r outputs/tmp/stage21-checkout/requirements/windows-py312-full.lock (line 95)) (0.9.3)
Requirement already satisfied: pycparser==3.0 in c:\users\abdel\onedrive\desktop\urdf2dt\outputs\tmp\stage21-venv\lib\site-packages (from -r outputs/tmp/stage21-checkout/requirements/windows-py312-full.lock (line 96)) (3.0)
Requirement already satisfied: pygments==2.21.0 in c:\users\abdel\onedrive\desktop\urdf2dt\outputs\tmp\stage21-venv\lib\site-packages (from -r outputs/tmp/stage21-checkout/requirements/windows-py312-full.lock (line 97)) (2.21.0)
Requirement already satisfied: pyparsing==3.3.2 in c:\users\abdel\onedrive\desktop\urdf2dt\outputs\tmp\stage21-venv\lib\site-packages (from -r outputs/tmp/stage21-checkout/requirements/windows-py312-full.lock (line 98)) (3.3.2)
Requirement already satisfied: pyside6==6.11.2 in c:\users\abdel\onedrive\desktop\urdf2dt\outputs\tmp\stage21-venv\lib\site-packages (from -r outputs/tmp/stage21-checkout/requirements/windows-py312-full.lock (line 99)) (6.11.2)
Requirement already satisfied: pyside6-addons==6.11.2 in c:\users\abdel\onedrive\desktop\urdf2dt\outputs\tmp\stage21-venv\lib\site-packages (from -r outputs/tmp/stage21-checkout/requirements/windows-py312-full.lock (line 100)) (6.11.2)
Requirement already satisfied: pyside6-essentials==6.11.2 in c:\users\abdel\onedrive\desktop\urdf2dt\outputs\tmp\stage21-venv\lib\site-packages (from -r outputs/tmp/stage21-checkout/requirements/windows-py312-full.lock (line 101)) (6.11.2)
Requirement already satisfied: pytest==9.1.1 in c:\users\abdel\onedrive\desktop\urdf2dt\outputs\tmp\stage21-venv\lib\site-packages (from -r outputs/tmp/stage21-checkout/requirements/windows-py312-full.lock (line 102)) (9.1.1)
Requirement already satisfied: python-dateutil==2.9.0.post0 in c:\users\abdel\onedrive\desktop\urdf2dt\outputs\tmp\stage21-venv\lib\site-packages (from -r outputs/tmp/stage21-checkout/requirements/windows-py312-full.lock (line 103)) (2.9.0.post0)
Requirement already satisfied: python-json-logger==4.2.0 in c:\users\abdel\onedrive\desktop\urdf2dt\outputs\tmp\stage21-venv\lib\site-packages (from -r outputs/tmp/stage21-checkout/requirements/windows-py312-full.lock (line 104)) (4.2.0)
Requirement already satisfied: pythreejs==2.4.2 in c:\users\abdel\onedrive\desktop\urdf2dt\outputs\tmp\stage21-venv\lib\site-packages (from -r outputs/tmp/stage21-checkout/requirements/windows-py312-full.lock (line 105)) (2.4.2)
Requirement already satisfied: pyvista==0.49.0 in c:\users\abdel\onedrive\desktop\urdf2dt\outputs\tmp\stage21-venv\lib\site-packages (from -r outputs/tmp/stage21-checkout/requirements/windows-py312-full.lock (line 106)) (0.49.0)
Requirement already satisfied: pyvista-validation==0.2.2 in c:\users\abdel\onedrive\desktop\urdf2dt\outputs\tmp\stage21-venv\lib\site-packages (from -r outputs/tmp/stage21-checkout/requirements/windows-py312-full.lock (line 107)) (0.2.2)
Requirement already satisfied: pyvistaqt==0.13.1 in c:\users\abdel\onedrive\desktop\urdf2dt\outputs\tmp\stage21-venv\lib\site-packages (from -r outputs/tmp/stage21-checkout/requirements/windows-py312-full.lock (line 108)) (0.13.1)
Requirement already satisfied: pywinpty==3.0.5 in c:\users\abdel\onedrive\desktop\urdf2dt\outputs\tmp\stage21-venv\lib\site-packages (from -r outputs/tmp/stage21-checkout/requirements/windows-py312-full.lock (line 109)) (3.0.5)
Requirement already satisfied: pyyaml==6.0.3 in c:\users\abdel\onedrive\desktop\urdf2dt\outputs\tmp\stage21-venv\lib\site-packages (from -r outputs/tmp/stage21-checkout/requirements/windows-py312-full.lock (line 110)) (6.0.3)
Requirement already satisfied: pyzmq==27.2.0 in c:\users\abdel\onedrive\desktop\urdf2dt\outputs\tmp\stage21-venv\lib\site-packages (from -r outputs/tmp/stage21-checkout/requirements/windows-py312-full.lock (line 111)) (27.2.0)
Requirement already satisfied: qtpy==2.4.3 in c:\users\abdel\onedrive\desktop\urdf2dt\outputs\tmp\stage21-venv\lib\site-packages (from -r outputs/tmp/stage21-checkout/requirements/windows-py312-full.lock (line 112)) (2.4.3)
Requirement already satisfied: referencing==0.37.0 in c:\users\abdel\onedrive\desktop\urdf2dt\outputs\tmp\stage21-venv\lib\site-packages (from -r outputs/tmp/stage21-checkout/requirements/windows-py312-full.lock (line 113)) (0.37.0)
Requirement already satisfied: requests==2.34.2 in c:\users\abdel\onedrive\desktop\urdf2dt\outputs\tmp\stage21-venv\lib\site-packages (from -r outputs/tmp/stage21-checkout/requirements/windows-py312-full.lock (line 114)) (2.34.2)
Requirement already satisfied: rfc3339-validator==0.1.4 in c:\users\abdel\onedrive\desktop\urdf2dt\outputs\tmp\stage21-venv\lib\site-packages (from -r outputs/tmp/stage21-checkout/requirements/windows-py312-full.lock (line 115)) (0.1.4)
Requirement already satisfied: rfc3986-validator==0.1.1 in c:\users\abdel\onedrive\desktop\urdf2dt\outputs\tmp\stage21-venv\lib\site-packages (from -r outputs/tmp/stage21-checkout/requirements/windows-py312-full.lock (line 116)) (0.1.1)
Requirement already satisfied: rfc3987-syntax==1.1.0 in c:\users\abdel\onedrive\desktop\urdf2dt\outputs\tmp\stage21-venv\lib\site-packages (from -r outputs/tmp/stage21-checkout/requirements/windows-py312-full.lock (line 117)) (1.1.0)
Requirement already satisfied: rich==15.0.0 in c:\users\abdel\onedrive\desktop\urdf2dt\outputs\tmp\stage21-venv\lib\site-packages (from -r outputs/tmp/stage21-checkout/requirements/windows-py312-full.lock (line 118)) (15.0.0)
Requirement already satisfied: rich-rst==2.1.0 in c:\users\abdel\onedrive\desktop\urdf2dt\outputs\tmp\stage21-venv\lib\site-packages (from -r outputs/tmp/stage21-checkout/requirements/windows-py312-full.lock (line 119)) (2.1.0)
Requirement already satisfied: rpds-py==2026.6.3 in c:\users\abdel\onedrive\desktop\urdf2dt\outputs\tmp\stage21-venv\lib\site-packages (from -r outputs/tmp/stage21-checkout/requirements/windows-py312-full.lock (line 120)) (2026.6.3)
Requirement already satisfied: scipy==1.18.1 in c:\users\abdel\onedrive\desktop\urdf2dt\outputs\tmp\stage21-venv\lib\site-packages (from -r outputs/tmp/stage21-checkout/requirements/windows-py312-full.lock (line 121)) (1.18.1)
Requirement already satisfied: scooby==0.12.0 in c:\users\abdel\onedrive\desktop\urdf2dt\outputs\tmp\stage21-venv\lib\site-packages (from -r outputs/tmp/stage21-checkout/requirements/windows-py312-full.lock (line 122)) (0.12.0)
Requirement already satisfied: send2trash==2.1.0 in c:\users\abdel\onedrive\desktop\urdf2dt\outputs\tmp\stage21-venv\lib\site-packages (from -r outputs/tmp/stage21-checkout/requirements/windows-py312-full.lock (line 123)) (2.1.0)
Requirement already satisfied: shiboken6==6.11.2 in c:\users\abdel\onedrive\desktop\urdf2dt\outputs\tmp\stage21-venv\lib\site-packages (from -r outputs/tmp/stage21-checkout/requirements/windows-py312-full.lock (line 124)) (6.11.2)
Requirement already satisfied: six==1.17.0 in c:\users\abdel\onedrive\desktop\urdf2dt\outputs\tmp\stage21-venv\lib\site-packages (from -r outputs/tmp/stage21-checkout/requirements/windows-py312-full.lock (line 125)) (1.17.0)
Requirement already satisfied: soupsieve==2.9.2 in c:\users\abdel\onedrive\desktop\urdf2dt\outputs\tmp\stage21-venv\lib\site-packages (from -r outputs/tmp/stage21-checkout/requirements/windows-py312-full.lock (line 126)) (2.9.2)
Requirement already satisfied: stack-data==0.6.3 in c:\users\abdel\onedrive\desktop\urdf2dt\outputs\tmp\stage21-venv\lib\site-packages (from -r outputs/tmp/stage21-checkout/requirements/windows-py312-full.lock (line 127)) (0.6.3)
Requirement already satisfied: terminado==0.18.1 in c:\users\abdel\onedrive\desktop\urdf2dt\outputs\tmp\stage21-venv\lib\site-packages (from -r outputs/tmp/stage21-checkout/requirements/windows-py312-full.lock (line 128)) (0.18.1)
Requirement already satisfied: tinycss2==1.5.1 in c:\users\abdel\onedrive\desktop\urdf2dt\outputs\tmp\stage21-venv\lib\site-packages (from -r outputs/tmp/stage21-checkout/requirements/windows-py312-full.lock (line 129)) (1.5.1)
Requirement already satisfied: tornado==6.5.10 in c:\users\abdel\onedrive\desktop\urdf2dt\outputs\tmp\stage21-venv\lib\site-packages (from -r outputs/tmp/stage21-checkout/requirements/windows-py312-full.lock (line 130)) (6.5.10)
Requirement already satisfied: traitlets==5.16.1 in c:\users\abdel\onedrive\desktop\urdf2dt\outputs\tmp\stage21-venv\lib\site-packages (from -r outputs/tmp/stage21-checkout/requirements/windows-py312-full.lock (line 131)) (5.16.1)
Requirement already satisfied: traittypes==0.2.3 in c:\users\abdel\onedrive\desktop\urdf2dt\outputs\tmp\stage21-venv\lib\site-packages (from -r outputs/tmp/stage21-checkout/requirements/windows-py312-full.lock (line 132)) (0.2.3)
Requirement already satisfied: trame==3.13.2 in c:\users\abdel\onedrive\desktop\urdf2dt\outputs\tmp\stage21-venv\lib\site-packages (from -r outputs/tmp/stage21-checkout/requirements/windows-py312-full.lock (line 133)) (3.13.2)
Requirement already satisfied: trame-client==3.13.2 in c:\users\abdel\onedrive\desktop\urdf2dt\outputs\tmp\stage21-venv\lib\site-packages (from -r outputs/tmp/stage21-checkout/requirements/windows-py312-full.lock (line 134)) (3.13.2)
Requirement already satisfied: trame-common==1.2.4 in c:\users\abdel\onedrive\desktop\urdf2dt\outputs\tmp\stage21-venv\lib\site-packages (from -r outputs/tmp/stage21-checkout/requirements/windows-py312-full.lock (line 135)) (1.2.4)
Requirement already satisfied: trame-pyvista==0.1.7 in c:\users\abdel\onedrive\desktop\urdf2dt\outputs\tmp\stage21-venv\lib\site-packages (from -r outputs/tmp/stage21-checkout/requirements/windows-py312-full.lock (line 136)) (0.1.7)
Requirement already satisfied: trame-server==3.12.5 in c:\users\abdel\onedrive\desktop\urdf2dt\outputs\tmp\stage21-venv\lib\site-packages (from -r outputs/tmp/stage21-checkout/requirements/windows-py312-full.lock (line 137)) (3.12.5)
Requirement already satisfied: trame-vtk==2.11.16 in c:\users\abdel\onedrive\desktop\urdf2dt\outputs\tmp\stage21-venv\lib\site-packages (from -r outputs/tmp/stage21-checkout/requirements/windows-py312-full.lock (line 138)) (2.11.16)
Requirement already satisfied: trame-vuetify==3.2.5 in c:\users\abdel\onedrive\desktop\urdf2dt\outputs\tmp\stage21-venv\lib\site-packages (from -r outputs/tmp/stage21-checkout/requirements/windows-py312-full.lock (line 139)) (3.2.5)
Requirement already satisfied: trimesh==5.1.0 in c:\users\abdel\onedrive\desktop\urdf2dt\outputs\tmp\stage21-venv\lib\site-packages (from -r outputs/tmp/stage21-checkout/requirements/windows-py312-full.lock (line 140)) (5.1.0)
Requirement already satisfied: types-defusedxml==0.7.0.20260504 in c:\users\abdel\onedrive\desktop\urdf2dt\outputs\tmp\stage21-venv\lib\site-packages (from -r outputs/tmp/stage21-checkout/requirements/windows-py312-full.lock (line 141)) (0.7.0.20260504)
Requirement already satisfied: types-pyyaml==6.0.12.20260906 in c:\users\abdel\onedrive\desktop\urdf2dt\outputs\tmp\stage21-venv\lib\site-packages (from -r outputs/tmp/stage21-checkout/requirements/windows-py312-full.lock (line 142)) (6.0.12.20260906)
Requirement already satisfied: typing-extensions==4.16.0 in c:\users\abdel\onedrive\desktop\urdf2dt\outputs\tmp\stage21-venv\lib\site-packages (from -r outputs/tmp/stage21-checkout/requirements/windows-py312-full.lock (line 143)) (4.16.0)
Requirement already satisfied: tzdata==2026.4 in c:\users\abdel\onedrive\desktop\urdf2dt\outputs\tmp\stage21-venv\lib\site-packages (from -r outputs/tmp/stage21-checkout/requirements/windows-py312-full.lock (line 144)) (2026.4)
Requirement already satisfied: uri-template==1.3.0 in c:\users\abdel\onedrive\desktop\urdf2dt\outputs\tmp\stage21-venv\lib\site-packages (from -r outputs/tmp/stage21-checkout/requirements/windows-py312-full.lock (line 145)) (1.3.0)
Requirement already satisfied: urllib3==2.8.0 in c:\users\abdel\onedrive\desktop\urdf2dt\outputs\tmp\stage21-venv\lib\site-packages (from -r outputs/tmp/stage21-checkout/requirements/windows-py312-full.lock (line 146)) (2.8.0)
Requirement already satisfied: vhacdx==0.0.10 in c:\users\abdel\onedrive\desktop\urdf2dt\outputs\tmp\stage21-venv\lib\site-packages (from -r outputs/tmp/stage21-checkout/requirements/windows-py312-full.lock (line 147)) (0.0.10)
Requirement already satisfied: vtk==9.7.0 in c:\users\abdel\onedrive\desktop\urdf2dt\outputs\tmp\stage21-venv\lib\site-packages (from -r outputs/tmp/stage21-checkout/requirements/windows-py312-full.lock (line 148)) (9.7.0)
Requirement already satisfied: wcwidth==0.8.3 in c:\users\abdel\onedrive\desktop\urdf2dt\outputs\tmp\stage21-venv\lib\site-packages (from -r outputs/tmp/stage21-checkout/requirements/windows-py312-full.lock (line 149)) (0.8.3)
Requirement already satisfied: webcolors==25.10.0 in c:\users\abdel\onedrive\desktop\urdf2dt\outputs\tmp\stage21-venv\lib\site-packages (from -r outputs/tmp/stage21-checkout/requirements/windows-py312-full.lock (line 150)) (25.10.0)
Requirement already satisfied: webencodings==0.6.1 in c:\users\abdel\onedrive\desktop\urdf2dt\outputs\tmp\stage21-venv\lib\site-packages (from -r outputs/tmp/stage21-checkout/requirements/windows-py312-full.lock (line 151)) (0.6.1)
Requirement already satisfied: websocket-client==1.9.2 in c:\users\abdel\onedrive\desktop\urdf2dt\outputs\tmp\stage21-venv\lib\site-packages (from -r outputs/tmp/stage21-checkout/requirements/windows-py312-full.lock (line 152)) (1.9.2)
Requirement already satisfied: widgetsnbextension==4.0.16 in c:\users\abdel\onedrive\desktop\urdf2dt\outputs\tmp\stage21-venv\lib\site-packages (from -r outputs/tmp/stage21-checkout/requirements/windows-py312-full.lock (line 153)) (4.0.16)
Requirement already satisfied: wslink==2.5.7 in c:\users\abdel\onedrive\desktop\urdf2dt\outputs\tmp\stage21-venv\lib\site-packages (from -r outputs/tmp/stage21-checkout/requirements/windows-py312-full.lock (line 154)) (2.5.7)
Requirement already satisfied: yarl==1.25.1 in c:\users\abdel\onedrive\desktop\urdf2dt\outputs\tmp\stage21-venv\lib\site-packages (from -r outputs/tmp/stage21-checkout/requirements/windows-py312-full.lock (line 155)) (1.25.1)
